./run-samples.sh: 2: Syntax error: "(" unexpected
